[2026-05-17T11:53:06.557Z] Plugin initialized: 0 commands []
[2026-05-17T11:53:06.557Z] Registered /subtask command
[2026-05-17T11:55:53.631Z] cmd.before: init no config
[2026-05-17T11:55:53.631Z] Processing 1 parts for $TURN refs
[2026-05-17T11:55:53.631Z] Part type=text, hasPrompt=false, hasText=true
[2026-05-17T11:55:53.631Z] Text part (first 200): Create or update `AGENTS.md` for this repository.

The goal is a compact instruction file that helps future OpenCode sessions avoid mistakes and ramp up quickly. Every line should answer: "Would an ag
[2026-05-17T11:56:15.256Z] message-hooks: ENTRY msgCount=1, sessions=ses_1ca350c8bffez0Ry5gWKsxOvJ0
[2026-05-17T11:56:15.256Z] message-hooks: MESSAGES: [0]user: text:"Create or update `AGENTS.md` for this re..."
[2026-05-17T11:56:15.256Z] message-hooks: post-filter, msgCount=1
[2026-05-17T11:56:15.256Z] message-hooks: about to search for OPENCODE_GENERIC
[2026-05-17T11:56:15.256Z] message-hooks: searching 1 messages for OPENCODE_GENERIC
[2026-05-17T11:56:15.256Z] message-hooks: generic search complete, found=false, index=-1
[2026-05-17T11:56:15.256Z] message-hooks: no generic part found, checking for pending prompt return
[2026-05-17T11:56:24.762Z] message-hooks: ENTRY msgCount=2, sessions=ses_1ca350c8bffez0Ry5gWKsxOvJ0
[2026-05-17T11:56:24.762Z] message-hooks: MESSAGES: [0]user: text:"Create or update `AGENTS.md` for this re..." | [1]assistant: step-start, reasoning, tool:completed, tool:completed, tool:completed, tool:completed, tool:completed, step-finish, patch
[2026-05-17T11:56:24.762Z] message-hooks: post-filter, msgCount=2
[2026-05-17T11:56:24.762Z] message-hooks: about to search for OPENCODE_GENERIC
[2026-05-17T11:56:24.762Z] message-hooks: searching 2 messages for OPENCODE_GENERIC
[2026-05-17T11:56:24.762Z] message-hooks: generic search complete, found=false, index=-1
[2026-05-17T11:56:24.762Z] message-hooks: no generic part found, checking for pending prompt return
[2026-05-17T11:56:33.461Z] message-hooks: ENTRY msgCount=3, sessions=ses_1ca350c8bffez0Ry5gWKsxOvJ0
[2026-05-17T11:56:33.461Z] message-hooks: MESSAGES: [0]user: text:"Create or update `AGENTS.md` for this re..." | [1]assistant: step-start, reasoning, tool:completed, tool:completed, tool:completed, tool:completed, tool:completed, step-finish, patch | [2]assistant: step-start, reasoning, tool:completed, tool:completed, tool:completed, tool:completed, tool:completed, step-finish, patch
[2026-05-17T11:56:33.461Z] message-hooks: post-filter, msgCount=3
[2026-05-17T11:56:33.461Z] message-hooks: about to search for OPENCODE_GENERIC
[2026-05-17T11:56:33.461Z] message-hooks: searching 3 messages for OPENCODE_GENERIC
[2026-05-17T11:56:33.461Z] message-hooks: generic search complete, found=false, index=-1
[2026-05-17T11:56:33.461Z] message-hooks: no generic part found, checking for pending prompt return
[2026-05-17T11:56:42.030Z] message-hooks: ENTRY msgCount=4, sessions=ses_1ca350c8bffez0Ry5gWKsxOvJ0
[2026-05-17T11:56:42.030Z] message-hooks: MESSAGES: [0]user: text:"Create or update `AGENTS.md` for this re..." | [1]assistant: step-start, reasoning, tool:completed, tool:completed, tool:completed, tool:completed, tool:completed, step-finish, patch | [2]assistant: step-start, reasoning, tool:completed, tool:completed, tool:completed, tool:completed, tool:completed, step-finish, patch | [3]assistant: step-start, reasoning, tool:completed, tool:completed, tool:completed, tool:completed, step-finish, patch
[2026-05-17T11:56:42.030Z] message-hooks: post-filter, msgCount=4
[2026-05-17T11:56:42.030Z] message-hooks: about to search for OPENCODE_GENERIC
[2026-05-17T11:56:42.030Z] message-hooks: searching 4 messages for OPENCODE_GENERIC
[2026-05-17T11:56:42.030Z] message-hooks: generic search complete, found=false, index=-1
[2026-05-17T11:56:42.030Z] message-hooks: no generic part found, checking for pending prompt return
[2026-05-17T11:56:51.702Z] message-hooks: ENTRY msgCount=5, sessions=ses_1ca350c8bffez0Ry5gWKsxOvJ0
[2026-05-17T11:56:51.702Z] message-hooks: MESSAGES: [0]user: text:"Create or update `AGENTS.md` for this re..." | [1]assistant: step-start, reasoning, tool:completed, tool:completed, tool:completed, tool:completed, tool:completed, step-finish, patch | [2]assistant: step-start, reasoning, tool:completed, tool:completed, tool:completed, tool:completed, tool:completed, step-finish, patch | [3]assistant: step-start, reasoning, tool:completed, tool:completed, tool:completed, tool:completed, step-finish, patch | [4]assistant: step-start, reasoning, tool:completed, tool:completed, tool:completed, tool:completed, tool:completed, step-finish, patch
[2026-05-17T11:56:51.702Z] message-hooks: post-filter, msgCount=5
[2026-05-17T11:56:51.702Z] message-hooks: about to search for OPENCODE_GENERIC
[2026-05-17T11:56:51.702Z] message-hooks: searching 5 messages for OPENCODE_GENERIC
[2026-05-17T11:56:51.702Z] message-hooks: generic search complete, found=false, index=-1
[2026-05-17T11:56:51.702Z] message-hooks: no generic part found, checking for pending prompt return
[2026-05-17T11:57:00.399Z] message-hooks: ENTRY msgCount=6, sessions=ses_1ca350c8bffez0Ry5gWKsxOvJ0
[2026-05-17T11:57:00.399Z] message-hooks: MESSAGES: [0]user: text:"Create or update `AGENTS.md` for this re..." | [1]assistant: step-start, reasoning, tool:completed, tool:completed, tool:completed, tool:completed, tool:completed, step-finish, patch | [2]assistant: step-start, reasoning, tool:completed, tool:completed, tool:completed, tool:completed, tool:completed, step-finish, patch | [3]assistant: step-start, reasoning, tool:completed, tool:completed, tool:completed, tool:completed, step-finish, patch | [4]assistant: step-start, reasoning, tool:completed, tool:completed, tool:completed, tool:completed, tool:completed, step-finish, patch | [5]assistant: step-start, reasoning, tool:completed, tool:completed, tool:completed, tool:completed, tool:completed, step-finish, patch
[2026-05-17T11:57:00.399Z] message-hooks: post-filter, msgCount=6
[2026-05-17T11:57:00.399Z] message-hooks: about to search for OPENCODE_GENERIC
[2026-05-17T11:57:00.399Z] message-hooks: searching 6 messages for OPENCODE_GENERIC
[2026-05-17T11:57:00.399Z] message-hooks: generic search complete, found=false, index=-1
[2026-05-17T11:57:00.399Z] message-hooks: no generic part found, checking for pending prompt return
[2026-05-17T11:57:13.985Z] message-hooks: ENTRY msgCount=7, sessions=ses_1ca350c8bffez0Ry5gWKsxOvJ0
[2026-05-17T11:57:13.985Z] message-hooks: MESSAGES: [0]user: text:"Create or update `AGENTS.md` for this re..." | [1]assistant: step-start, reasoning, tool:completed, tool:completed, tool:completed, tool:completed, tool:completed, step-finish, patch | [2]assistant: step-start, reasoning, tool:completed, tool:completed, tool:completed, tool:completed, tool:completed, step-finish, patch | [3]assistant: step-start, reasoning, tool:completed, tool:completed, tool:completed, tool:completed, step-finish, patch | [4]assistant: step-start, reasoning, tool:completed, tool:completed, tool:completed, tool:completed, tool:completed, step-finish, patch | [5]assistant: step-start, reasoning, tool:completed, tool:completed, tool:completed, tool:completed, tool:completed, step-finish, patch | [6]assistant: step-start, reasoning, tool:completed, tool:completed, tool:completed, step-finish, patch
[2026-05-17T11:57:13.985Z] message-hooks: post-filter, msgCount=7
[2026-05-17T11:57:13.985Z] message-hooks: about to search for OPENCODE_GENERIC
[2026-05-17T11:57:13.985Z] message-hooks: searching 7 messages for OPENCODE_GENERIC
[2026-05-17T11:57:13.985Z] message-hooks: generic search complete, found=false, index=-1
[2026-05-17T11:57:13.985Z] message-hooks: no generic part found, checking for pending prompt return
[2026-05-17T11:57:28.391Z] message-hooks: ENTRY msgCount=8, sessions=ses_1ca350c8bffez0Ry5gWKsxOvJ0
[2026-05-17T11:57:28.391Z] message-hooks: MESSAGES: [0]user: text:"Create or update `AGENTS.md` for this re..." | [1]assistant: step-start, reasoning, tool:completed, tool:completed, tool:completed, tool:completed, tool:completed, step-finish, patch | [2]assistant: step-start, reasoning, tool:completed, tool:completed, tool:completed, tool:completed, tool:completed, step-finish, patch | [3]assistant: step-start, reasoning, tool:completed, tool:completed, tool:completed, tool:completed, step-finish, patch | [4]assistant: step-start, reasoning, tool:completed, tool:completed, tool:completed, tool:completed, tool:completed, step-finish, patch | [5]assistant: step-start, reasoning, tool:completed, tool:completed, tool:completed, tool:completed, tool:completed, step-finish, patch | [6]assistant: step-start, reasoning, tool:completed, tool:completed, tool:completed, step-finish, patch | [7]assistant: step-start, reasoning, tool:error, tool:completed, tool:completed, step-finish, patch
[2026-05-17T11:57:28.391Z] message-hooks: post-filter, msgCount=8
[2026-05-17T11:57:28.391Z] message-hooks: about to search for OPENCODE_GENERIC
[2026-05-17T11:57:28.391Z] message-hooks: searching 8 messages for OPENCODE_GENERIC
[2026-05-17T11:57:28.391Z] message-hooks: generic search complete, found=false, index=-1
[2026-05-17T11:57:28.391Z] message-hooks: no generic part found, checking for pending prompt return
[2026-05-17T11:57:34.487Z] message-hooks: ENTRY msgCount=9, sessions=ses_1ca350c8bffez0Ry5gWKsxOvJ0
[2026-05-17T11:57:34.487Z] message-hooks: MESSAGES: [0]user: text:"Create or update `AGENTS.md` for this re..." | [1]assistant: step-start, reasoning, tool:completed, tool:completed, tool:completed, tool:completed, tool:completed, step-finish, patch | [2]assistant: step-start, reasoning, tool:completed, tool:completed, tool:completed, tool:completed, tool:completed, step-finish, patch | [3]assistant: step-start, reasoning, tool:completed, tool:completed, tool:completed, tool:completed, step-finish, patch | [4]assistant: step-start, reasoning, tool:completed, tool:completed, tool:completed, tool:completed, tool:completed, step-finish, patch | [5]assistant: step-start, reasoning, tool:completed, tool:completed, tool:completed, tool:completed, tool:completed, step-finish, patch | [6]assistant: step-start, reasoning, tool:completed, tool:completed, tool:completed, step-finish, patch | [7]assistant: step-start, reasoning, tool:error, tool:completed, tool:completed, step-finish, patch | [8]assistant: step-start, reasoning, tool:completed, step-finish, patch
[2026-05-17T11:57:34.487Z] message-hooks: post-filter, msgCount=9
[2026-05-17T11:57:34.487Z] message-hooks: about to search for OPENCODE_GENERIC
[2026-05-17T11:57:34.487Z] message-hooks: searching 9 messages for OPENCODE_GENERIC
[2026-05-17T11:57:34.487Z] message-hooks: generic search complete, found=false, index=-1
[2026-05-17T11:57:34.487Z] message-hooks: no generic part found, checking for pending prompt return
[2026-05-17T11:57:40.164Z] message-hooks: ENTRY msgCount=10, sessions=ses_1ca350c8bffez0Ry5gWKsxOvJ0
[2026-05-17T11:57:40.164Z] message-hooks: MESSAGES: [0]user: text:"Create or update `AGENTS.md` for this re..." | [1]assistant: step-start, reasoning, tool:completed, tool:completed, tool:completed, tool:completed, tool:completed, step-finish, patch | [2]assistant: step-start, reasoning, tool:completed, tool:completed, tool:completed, tool:completed, tool:completed, step-finish, patch | [3]assistant: step-start, reasoning, tool:completed, tool:completed, tool:completed, tool:completed, step-finish, patch | [4]assistant: step-start, reasoning, tool:completed, tool:completed, tool:completed, tool:completed, tool:completed, step-finish, patch | [5]assistant: step-start, reasoning, tool:completed, tool:completed, tool:completed, tool:completed, tool:completed, step-finish, patch | [6]assistant: step-start, reasoning, tool:completed, tool:completed, tool:completed, step-finish, patch | [7]assistant: step-start, reasoning, tool:error, tool:completed, tool:completed, step-finish, patch | [8]assistant: step-start, reasoning, tool:completed, step-finish, patch | [9]assistant: step-start, reasoning, tool:completed, tool:completed, step-finish, patch
[2026-05-17T11:57:40.164Z] message-hooks: post-filter, msgCount=10
[2026-05-17T11:57:40.164Z] message-hooks: about to search for OPENCODE_GENERIC
[2026-05-17T11:57:40.164Z] message-hooks: searching 10 messages for OPENCODE_GENERIC
[2026-05-17T11:57:40.164Z] message-hooks: generic search complete, found=false, index=-1
[2026-05-17T11:57:40.164Z] message-hooks: no generic part found, checking for pending prompt return
[2026-05-17T11:57:46.914Z] message-hooks: ENTRY msgCount=11, sessions=ses_1ca350c8bffez0Ry5gWKsxOvJ0
[2026-05-17T11:57:46.914Z] message-hooks: MESSAGES: [0]user: text:"Create or update `AGENTS.md` for this re..." | [1]assistant: step-start, reasoning, tool:completed, tool:completed, tool:completed, tool:completed, tool:completed, step-finish, patch | [2]assistant: step-start, reasoning, tool:completed, tool:completed, tool:completed, tool:completed, tool:completed, step-finish, patch | [3]assistant: step-start, reasoning, tool:completed, tool:completed, tool:completed, tool:completed, step-finish, patch | [4]assistant: step-start, reasoning, tool:completed, tool:completed, tool:completed, tool:completed, tool:completed, step-finish, patch | [5]assistant: step-start, reasoning, tool:completed, tool:completed, tool:completed, tool:completed, tool:completed, step-finish, patch | [6]assistant: step-start, reasoning, tool:completed, tool:completed, tool:completed, step-finish, patch | [7]assistant: step-start, reasoning, tool:error, tool:completed, tool:completed, step-finish, patch | [8]assistant: step-start, reasoning, tool:completed, step-finish, patch | [9]assistant: step-start, reasoning, tool:completed, tool:completed, step-finish, patch | [10]assistant: step-start, reasoning, tool:completed, step-finish, patch
[2026-05-17T11:57:46.914Z] message-hooks: post-filter, msgCount=11
[2026-05-17T11:57:46.914Z] message-hooks: about to search for OPENCODE_GENERIC
[2026-05-17T11:57:46.914Z] message-hooks: searching 11 messages for OPENCODE_GENERIC
[2026-05-17T11:57:46.914Z] message-hooks: generic search complete, found=false, index=-1
[2026-05-17T11:57:46.914Z] message-hooks: no generic part found, checking for pending prompt return
[2026-05-17T11:57:51.989Z] message-hooks: ENTRY msgCount=12, sessions=ses_1ca350c8bffez0Ry5gWKsxOvJ0
[2026-05-17T11:57:51.989Z] message-hooks: MESSAGES: [0]user: text:"Create or update `AGENTS.md` for this re..." | [1]assistant: step-start, reasoning, tool:completed, tool:completed, tool:completed, tool:completed, tool:completed, step-finish, patch | [2]assistant: step-start, reasoning, tool:completed, tool:completed, tool:completed, tool:completed, tool:completed, step-finish, patch | [3]assistant: step-start, reasoning, tool:completed, tool:completed, tool:completed, tool:completed, step-finish, patch | [4]assistant: step-start, reasoning, tool:completed, tool:completed, tool:completed, tool:completed, tool:completed, step-finish, patch | [5]assistant: step-start, reasoning, tool:completed, tool:completed, tool:completed, tool:completed, tool:completed, step-finish, patch | [6]assistant: step-start, reasoning, tool:completed, tool:completed, tool:completed, step-finish, patch | [7]assistant: step-start, reasoning, tool:error, tool:completed, tool:completed, step-finish, patch | [8]assistant: step-start, reasoning, tool:completed, step-finish, patch | [9]assistant: step-start, reasoning, tool:completed, tool:completed, step-finish, patch | [10]assistant: step-start, reasoning, tool:completed, step-finish, patch | [11]assistant: step-start, reasoning, tool:completed, step-finish, patch
[2026-05-17T11:57:51.989Z] message-hooks: post-filter, msgCount=12
[2026-05-17T11:57:51.989Z] message-hooks: about to search for OPENCODE_GENERIC
[2026-05-17T11:57:51.989Z] message-hooks: searching 12 messages for OPENCODE_GENERIC
[2026-05-17T11:57:51.989Z] message-hooks: generic search complete, found=false, index=-1
[2026-05-17T11:57:51.989Z] message-hooks: no generic part found, checking for pending prompt return
[2026-05-17T11:57:57.666Z] message-hooks: ENTRY msgCount=13, sessions=ses_1ca350c8bffez0Ry5gWKsxOvJ0
[2026-05-17T11:57:57.666Z] message-hooks: MESSAGES: [0]user: text:"Create or update `AGENTS.md` for this re..." | [1]assistant: step-start, reasoning, tool:completed, tool:completed, tool:completed, tool:completed, tool:completed, step-finish, patch | [2]assistant: step-start, reasoning, tool:completed, tool:completed, tool:completed, tool:completed, tool:completed, step-finish, patch | [3]assistant: step-start, reasoning, tool:completed, tool:completed, tool:completed, tool:completed, step-finish, patch | [4]assistant: step-start, reasoning, tool:completed, tool:completed, tool:completed, tool:completed, tool:completed, step-finish, patch | [5]assistant: step-start, reasoning, tool:completed, tool:completed, tool:completed, tool:completed, tool:completed, step-finish, patch | [6]assistant: step-start, reasoning, tool:completed, tool:completed, tool:completed, step-finish, patch | [7]assistant: step-start, reasoning, tool:error, tool:completed, tool:completed, step-finish, patch | [8]assistant: step-start, reasoning, tool:completed, step-finish, patch | [9]assistant: step-start, reasoning, tool:completed, tool:completed, step-finish, patch | [10]assistant: step-start, reasoning, tool:completed, step-finish, patch | [11]assistant: step-start, reasoning, tool:completed, step-finish, patch | [12]assistant: step-start, reasoning, tool:completed, step-finish, patch
[2026-05-17T11:57:57.666Z] message-hooks: post-filter, msgCount=13
[2026-05-17T11:57:57.666Z] message-hooks: about to search for OPENCODE_GENERIC
[2026-05-17T11:57:57.666Z] message-hooks: searching 13 messages for OPENCODE_GENERIC
[2026-05-17T11:57:57.666Z] message-hooks: generic search complete, found=false, index=-1
[2026-05-17T11:57:57.666Z] message-hooks: no generic part found, checking for pending prompt return
[2026-05-17T11:58:42.197Z] message-hooks: ENTRY msgCount=14, sessions=ses_1ca350c8bffez0Ry5gWKsxOvJ0
[2026-05-17T11:58:42.197Z] message-hooks: MESSAGES: [0]user: text:"Create or update `AGENTS.md` for this re..." | [1]assistant: step-start, reasoning, tool:completed, tool:completed, tool:completed, tool:completed, tool:completed, step-finish, patch | [2]assistant: step-start, reasoning, tool:completed, tool:completed, tool:completed, tool:completed, tool:completed, step-finish, patch | [3]assistant: step-start, reasoning, tool:completed, tool:completed, tool:completed, tool:completed, step-finish, patch | [4]assistant: step-start, reasoning, tool:completed, tool:completed, tool:completed, tool:completed, tool:completed, step-finish, patch | [5]assistant: step-start, reasoning, tool:completed, tool:completed, tool:completed, tool:completed, tool:completed, step-finish, patch | [6]assistant: step-start, reasoning, tool:completed, tool:completed, tool:completed, step-finish, patch | [7]assistant: step-start, reasoning, tool:error, tool:completed, tool:completed, step-finish, patch | [8]assistant: step-start, reasoning, tool:completed, step-finish, patch | [9]assistant: step-start, reasoning, tool:completed, tool:completed, step-finish, patch | [10]assistant: step-start, reasoning, tool:completed, step-finish, patch | [11]assistant: step-start, reasoning, tool:completed, step-finish, patch | [12]assistant: step-start, reasoning, tool:completed, step-finish, patch | [13]assistant: step-start, reasoning, text:"Now I have a thorough understanding of t...", tool:completed, step-finish, patch
[2026-05-17T11:58:42.197Z] message-hooks: post-filter, msgCount=14
[2026-05-17T11:58:42.197Z] message-hooks: about to search for OPENCODE_GENERIC
[2026-05-17T11:58:42.197Z] message-hooks: searching 14 messages for OPENCODE_GENERIC
[2026-05-17T11:58:42.197Z] message-hooks: generic search complete, found=false, index=-1
[2026-05-17T11:58:42.197Z] message-hooks: no generic part found, checking for pending prompt return
[2026-05-17T11:58:52.294Z] session.idle: sessionID=ses_1ca350c8bffez0Ry5gWKsxOvJ0
[2026-05-17T12:00:03.873Z] message-hooks: ENTRY msgCount=16, sessions=ses_1ca350c8bffez0Ry5gWKsxOvJ0
[2026-05-17T12:00:03.873Z] message-hooks: MESSAGES: [0]user: text:"Create or update `AGENTS.md` for this re..." | [1]assistant: step-start, reasoning, tool:completed, tool:completed, tool:completed, tool:completed, tool:completed, step-finish, patch | [2]assistant: step-start, reasoning, tool:completed, tool:completed, tool:completed, tool:completed, tool:completed, step-finish, patch | [3]assistant: step-start, reasoning, tool:completed, tool:completed, tool:completed, tool:completed, step-finish, patch | [4]assistant: step-start, reasoning, tool:completed, tool:completed, tool:completed, tool:completed, tool:completed, step-finish, patch | [5]assistant: step-start, reasoning, tool:completed, tool:completed, tool:completed, tool:completed, tool:completed, step-finish, patch | [6]assistant: step-start, reasoning, tool:completed, tool:completed, tool:completed, step-finish, patch | [7]assistant: step-start, reasoning, tool:error, tool:completed, tool:completed, step-finish, patch | [8]assistant: step-start, reasoning, tool:completed, step-finish, patch | [9]assistant: step-start, reasoning, tool:completed, tool:completed, step-finish, patch | [10]assistant: step-start, reasoning, tool:completed, step-finish, patch | [11]assistant: step-start, reasoning, tool:completed, step-finish, patch | [12]assistant: step-start, reasoning, tool:completed, step-finish, patch | [13]assistant: step-start, reasoning, text:"Now I have a thorough understanding of t...", tool:completed, step-finish, patch | [14]assistant: step-start, reasoning, text:"Created `AGENTS.md` with the key facts a...", step-finish, patch | [15]user: text:"tambahkan aturan pada @AGENTS.md agar ou...", file, text:"Called the Read tool with the following ..."(syn), text:"<path>/Users/asix/Documents/learn_androi..."(syn)
[2026-05-17T12:00:03.873Z] message-hooks: post-filter, msgCount=16
[2026-05-17T12:00:03.873Z] message-hooks: about to search for OPENCODE_GENERIC
[2026-05-17T12:00:03.873Z] message-hooks: searching 16 messages for OPENCODE_GENERIC
[2026-05-17T12:00:03.873Z] message-hooks: found synthetic text at [15]: "Called the Read tool with the following input: {"f..." matches=false
[2026-05-17T12:00:03.873Z] message-hooks: found synthetic text at [15]: "<path>/Users/asix/Documents/learn_android/tachiyom..." matches=false
[2026-05-17T12:00:03.873Z] message-hooks: generic search complete, found=false, index=-1
[2026-05-17T12:00:03.873Z] message-hooks: no generic part found, checking for pending prompt return
[2026-05-17T12:00:31.819Z] message-hooks: ENTRY msgCount=17, sessions=ses_1ca350c8bffez0Ry5gWKsxOvJ0
[2026-05-17T12:00:31.819Z] message-hooks: MESSAGES: [0]user: text:"Create or update `AGENTS.md` for this re..." | [1]assistant: step-start, reasoning, tool:completed, tool:completed, tool:completed, tool:completed, tool:completed, step-finish, patch | [2]assistant: step-start, reasoning, tool:completed, tool:completed, tool:completed, tool:completed, tool:completed, step-finish, patch | [3]assistant: step-start, reasoning, tool:completed, tool:completed, tool:completed, tool:completed, step-finish, patch | [4]assistant: step-start, reasoning, tool:completed, tool:completed, tool:completed, tool:completed, tool:completed, step-finish, patch | [5]assistant: step-start, reasoning, tool:completed, tool:completed, tool:completed, tool:completed, tool:completed, step-finish, patch | [6]assistant: step-start, reasoning, tool:completed, tool:completed, tool:completed, step-finish, patch | [7]assistant: step-start, reasoning, tool:error, tool:completed, tool:completed, step-finish, patch | [8]assistant: step-start, reasoning, tool:completed, step-finish, patch | [9]assistant: step-start, reasoning, tool:completed, tool:completed, step-finish, patch | [10]assistant: step-start, reasoning, tool:completed, step-finish, patch | [11]assistant: step-start, reasoning, tool:completed, step-finish, patch | [12]assistant: step-start, reasoning, tool:completed, step-finish, patch | [13]assistant: step-start, reasoning, text:"Now I have a thorough understanding of t...", tool:completed, step-finish, patch | [14]assistant: step-start, reasoning, text:"Created `AGENTS.md` with the key facts a...", step-finish, patch | [15]user: text:"tambahkan aturan pada @AGENTS.md agar ou...", file, text:"Called the Read tool with the following ..."(syn), text:"<path>/Users/asix/Documents/learn_androi..."(syn) | [16]assistant: step-start, reasoning, tool:completed, step-finish, patch
[2026-05-17T12:00:31.819Z] message-hooks: post-filter, msgCount=17
[2026-05-17T12:00:31.819Z] message-hooks: about to search for OPENCODE_GENERIC
[2026-05-17T12:00:31.819Z] message-hooks: searching 17 messages for OPENCODE_GENERIC
[2026-05-17T12:00:31.819Z] message-hooks: found synthetic text at [15]: "Called the Read tool with the following input: {"f..." matches=false
[2026-05-17T12:00:31.819Z] message-hooks: found synthetic text at [15]: "<path>/Users/asix/Documents/learn_android/tachiyom..." matches=false
[2026-05-17T12:00:31.819Z] message-hooks: generic search complete, found=false, index=-1
[2026-05-17T12:00:31.819Z] message-hooks: no generic part found, checking for pending prompt return
[2026-05-17T12:00:45.194Z] session.idle: sessionID=ses_1ca350c8bffez0Ry5gWKsxOvJ0
[2026-05-17T12:02:52.214Z] message-hooks: ENTRY msgCount=19, sessions=ses_1ca350c8bffez0Ry5gWKsxOvJ0
[2026-05-17T12:02:52.214Z] message-hooks: MESSAGES: [0]user: text:"Create or update `AGENTS.md` for this re..." | [1]assistant: step-start, reasoning, tool:completed, tool:completed, tool:completed, tool:completed, tool:completed, step-finish, patch | [2]assistant: step-start, reasoning, tool:completed, tool:completed, tool:completed, tool:completed, tool:completed, step-finish, patch | [3]assistant: step-start, reasoning, tool:completed, tool:completed, tool:completed, tool:completed, step-finish, patch | [4]assistant: step-start, reasoning, tool:completed, tool:completed, tool:completed, tool:completed, tool:completed, step-finish, patch | [5]assistant: step-start, reasoning, tool:completed, tool:completed, tool:completed, tool:completed, tool:completed, step-finish, patch | [6]assistant: step-start, reasoning, tool:completed, tool:completed, tool:completed, step-finish, patch | [7]assistant: step-start, reasoning, tool:error, tool:completed, tool:completed, step-finish, patch | [8]assistant: step-start, reasoning, tool:completed, step-finish, patch | [9]assistant: step-start, reasoning, tool:completed, tool:completed, step-finish, patch | [10]assistant: step-start, reasoning, tool:completed, step-finish, patch | [11]assistant: step-start, reasoning, tool:completed, step-finish, patch | [12]assistant: step-start, reasoning, tool:completed, step-finish, patch | [13]assistant: step-start, reasoning, text:"Now I have a thorough understanding of t...", tool:completed, step-finish, patch | [14]assistant: step-start, reasoning, text:"Created `AGENTS.md` with the key facts a...", step-finish, patch | [15]user: text:"tambahkan aturan pada @AGENTS.md agar ou...", file, text:"Called the Read tool with the following ..."(syn), text:"<path>/Users/asix/Documents/learn_androi..."(syn) | [16]assistant: step-start, reasoning, tool:completed, step-finish, patch | [17]assistant: step-start, reasoning, text:"Done. Added the output rule: semua confi...", step-finish, patch | [18]user: text:"oh iyah pastikan selalu cek ke real web ..."
[2026-05-17T12:02:52.214Z] message-hooks: post-filter, msgCount=19
[2026-05-17T12:02:52.214Z] message-hooks: about to search for OPENCODE_GENERIC
[2026-05-17T12:02:52.214Z] message-hooks: searching 19 messages for OPENCODE_GENERIC
[2026-05-17T12:02:52.214Z] message-hooks: found synthetic text at [15]: "Called the Read tool with the following input: {"f..." matches=false
[2026-05-17T12:02:52.214Z] message-hooks: found synthetic text at [15]: "<path>/Users/asix/Documents/learn_android/tachiyom..." matches=false
[2026-05-17T12:02:52.214Z] message-hooks: generic search complete, found=false, index=-1
[2026-05-17T12:02:52.214Z] message-hooks: no generic part found, checking for pending prompt return
[2026-05-17T12:03:01.626Z] message-hooks: ENTRY msgCount=20, sessions=ses_1ca350c8bffez0Ry5gWKsxOvJ0
[2026-05-17T12:03:01.626Z] message-hooks: MESSAGES: [0]user: text:"Create or update `AGENTS.md` for this re..." | [1]assistant: step-start, reasoning, tool:completed, tool:completed, tool:completed, tool:completed, tool:completed, step-finish, patch | [2]assistant: step-start, reasoning, tool:completed, tool:completed, tool:completed, tool:completed, tool:completed, step-finish, patch | [3]assistant: step-start, reasoning, tool:completed, tool:completed, tool:completed, tool:completed, step-finish, patch | [4]assistant: step-start, reasoning, tool:completed, tool:completed, tool:completed, tool:completed, tool:completed, step-finish, patch | [5]assistant: step-start, reasoning, tool:completed, tool:completed, tool:completed, tool:completed, tool:completed, step-finish, patch | [6]assistant: step-start, reasoning, tool:completed, tool:completed, tool:completed, step-finish, patch | [7]assistant: step-start, reasoning, tool:error, tool:completed, tool:completed, step-finish, patch | [8]assistant: step-start, reasoning, tool:completed, step-finish, patch | [9]assistant: step-start, reasoning, tool:completed, tool:completed, step-finish, patch | [10]assistant: step-start, reasoning, tool:completed, step-finish, patch | [11]assistant: step-start, reasoning, tool:completed, step-finish, patch | [12]assistant: step-start, reasoning, tool:completed, step-finish, patch | [13]assistant: step-start, reasoning, text:"Now I have a thorough understanding of t...", tool:completed, step-finish, patch | [14]assistant: step-start, reasoning, text:"Created `AGENTS.md` with the key facts a...", step-finish, patch | [15]user: text:"tambahkan aturan pada @AGENTS.md agar ou...", file, text:"Called the Read tool with the following ..."(syn), text:"<path>/Users/asix/Documents/learn_androi..."(syn) | [16]assistant: step-start, reasoning, tool:completed, step-finish, patch | [17]assistant: step-start, reasoning, text:"Done. Added the output rule: semua confi...", step-finish, patch | [18]user: text:"oh iyah pastikan selalu cek ke real web ..." | [19]assistant: step-start, reasoning, tool:completed, step-finish, patch
[2026-05-17T12:03:01.626Z] message-hooks: post-filter, msgCount=20
[2026-05-17T12:03:01.626Z] message-hooks: about to search for OPENCODE_GENERIC
[2026-05-17T12:03:01.626Z] message-hooks: searching 20 messages for OPENCODE_GENERIC
[2026-05-17T12:03:01.626Z] message-hooks: found synthetic text at [15]: "Called the Read tool with the following input: {"f..." matches=false
[2026-05-17T12:03:01.626Z] message-hooks: found synthetic text at [15]: "<path>/Users/asix/Documents/learn_android/tachiyom..." matches=false
[2026-05-17T12:03:01.626Z] message-hooks: generic search complete, found=false, index=-1
[2026-05-17T12:03:01.626Z] message-hooks: no generic part found, checking for pending prompt return
[2026-05-17T12:03:21.951Z] session.idle: sessionID=ses_1ca350c8bffez0Ry5gWKsxOvJ0
[2026-05-17T12:04:45.823Z] message-hooks: ENTRY msgCount=22, sessions=ses_1ca350c8bffez0Ry5gWKsxOvJ0
[2026-05-17T12:04:45.823Z] message-hooks: MESSAGES: [0]user: text:"Create or update `AGENTS.md` for this re..." | [1]assistant: step-start, reasoning, tool:completed, tool:completed, tool:completed, tool:completed, tool:completed, step-finish, patch | [2]assistant: step-start, reasoning, tool:completed, tool:completed, tool:completed, tool:completed, tool:completed, step-finish, patch | [3]assistant: step-start, reasoning, tool:completed, tool:completed, tool:completed, tool:completed, step-finish, patch | [4]assistant: step-start, reasoning, tool:completed, tool:completed, tool:completed, tool:completed, tool:completed, step-finish, patch | [5]assistant: step-start, reasoning, tool:completed, tool:completed, tool:completed, tool:completed, tool:completed, step-finish, patch | [6]assistant: step-start, reasoning, tool:completed, tool:completed, tool:completed, step-finish, patch | [7]assistant: step-start, reasoning, tool:error, tool:completed, tool:completed, step-finish, patch | [8]assistant: step-start, reasoning, tool:completed, step-finish, patch | [9]assistant: step-start, reasoning, tool:completed, tool:completed, step-finish, patch | [10]assistant: step-start, reasoning, tool:completed, step-finish, patch | [11]assistant: step-start, reasoning, tool:completed, step-finish, patch | [12]assistant: step-start, reasoning, tool:completed, step-finish, patch | [13]assistant: step-start, reasoning, text:"Now I have a thorough understanding of t...", tool:completed, step-finish, patch | [14]assistant: step-start, reasoning, text:"Created `AGENTS.md` with the key facts a...", step-finish, patch | [15]user: text:"tambahkan aturan pada @AGENTS.md agar ou...", file, text:"Called the Read tool with the following ..."(syn), text:"<path>/Users/asix/Documents/learn_androi..."(syn) | [16]assistant: step-start, reasoning, tool:completed, step-finish, patch | [17]assistant: step-start, reasoning, text:"Done. Added the output rule: semua confi...", step-finish, patch | [18]user: text:"oh iyah pastikan selalu cek ke real web ..." | [19]assistant: step-start, reasoning, tool:completed, step-finish, patch | [20]assistant: step-start, reasoning, text:"Sudah ditambahkan aturan baru di `AGENTS...", step-finish, patch | [21]user: text:"dari `output-json-config` buat ignore ny..."
[2026-05-17T12:04:45.823Z] message-hooks: post-filter, msgCount=22
[2026-05-17T12:04:45.823Z] message-hooks: about to search for OPENCODE_GENERIC
[2026-05-17T12:04:45.823Z] message-hooks: searching 22 messages for OPENCODE_GENERIC
[2026-05-17T12:04:45.823Z] message-hooks: found synthetic text at [15]: "Called the Read tool with the following input: {"f..." matches=false
[2026-05-17T12:04:45.823Z] message-hooks: found synthetic text at [15]: "<path>/Users/asix/Documents/learn_android/tachiyom..." matches=false
[2026-05-17T12:04:45.823Z] message-hooks: generic search complete, found=false, index=-1
[2026-05-17T12:04:45.823Z] message-hooks: no generic part found, checking for pending prompt return
[2026-05-17T12:04:55.412Z] message-hooks: ENTRY msgCount=23, sessions=ses_1ca350c8bffez0Ry5gWKsxOvJ0
[2026-05-17T12:04:55.412Z] message-hooks: MESSAGES: [0]user: text:"Create or update `AGENTS.md` for this re..." | [1]assistant: step-start, reasoning, tool:completed, tool:completed, tool:completed, tool:completed, tool:completed, step-finish, patch | [2]assistant: step-start, reasoning, tool:completed, tool:completed, tool:completed, tool:completed, tool:completed, step-finish, patch | [3]assistant: step-start, reasoning, tool:completed, tool:completed, tool:completed, tool:completed, step-finish, patch | [4]assistant: step-start, reasoning, tool:completed, tool:completed, tool:completed, tool:completed, tool:completed, step-finish, patch | [5]assistant: step-start, reasoning, tool:completed, tool:completed, tool:completed, tool:completed, tool:completed, step-finish, patch | [6]assistant: step-start, reasoning, tool:completed, tool:completed, tool:completed, step-finish, patch | [7]assistant: step-start, reasoning, tool:error, tool:completed, tool:completed, step-finish, patch | [8]assistant: step-start, reasoning, tool:completed, step-finish, patch | [9]assistant: step-start, reasoning, tool:completed, tool:completed, step-finish, patch | [10]assistant: step-start, reasoning, tool:completed, step-finish, patch | [11]assistant: step-start, reasoning, tool:completed, step-finish, patch | [12]assistant: step-start, reasoning, tool:completed, step-finish, patch | [13]assistant: step-start, reasoning, text:"Now I have a thorough understanding of t...", tool:completed, step-finish, patch | [14]assistant: step-start, reasoning, text:"Created `AGENTS.md` with the key facts a...", step-finish, patch | [15]user: text:"tambahkan aturan pada @AGENTS.md agar ou...", file, text:"Called the Read tool with the following ..."(syn), text:"<path>/Users/asix/Documents/learn_androi..."(syn) | [16]assistant: step-start, reasoning, tool:completed, step-finish, patch | [17]assistant: step-start, reasoning, text:"Done. Added the output rule: semua confi...", step-finish, patch | [18]user: text:"oh iyah pastikan selalu cek ke real web ..." | [19]assistant: step-start, reasoning, tool:completed, step-finish, patch | [20]assistant: step-start, reasoning, text:"Sudah ditambahkan aturan baru di `AGENTS...", step-finish, patch | [21]user: text:"dari `output-json-config` buat ignore ny..." | [22]assistant: step-start, reasoning, tool:completed, step-finish, patch
[2026-05-17T12:04:55.412Z] message-hooks: post-filter, msgCount=23
[2026-05-17T12:04:55.412Z] message-hooks: about to search for OPENCODE_GENERIC
[2026-05-17T12:04:55.412Z] message-hooks: searching 23 messages for OPENCODE_GENERIC
[2026-05-17T12:04:55.412Z] message-hooks: found synthetic text at [15]: "Called the Read tool with the following input: {"f..." matches=false
[2026-05-17T12:04:55.412Z] message-hooks: found synthetic text at [15]: "<path>/Users/asix/Documents/learn_android/tachiyom..." matches=false
[2026-05-17T12:04:55.412Z] message-hooks: generic search complete, found=false, index=-1
[2026-05-17T12:04:55.412Z] message-hooks: no generic part found, checking for pending prompt return
[2026-05-17T12:05:04.170Z] message-hooks: ENTRY msgCount=24, sessions=ses_1ca350c8bffez0Ry5gWKsxOvJ0
[2026-05-17T12:05:04.170Z] message-hooks: MESSAGES: [0]user: text:"Create or update `AGENTS.md` for this re..." | [1]assistant: step-start, reasoning, tool:completed, tool:completed, tool:completed, tool:completed, tool:completed, step-finish, patch | [2]assistant: step-start, reasoning, tool:completed, tool:completed, tool:completed, tool:completed, tool:completed, step-finish, patch | [3]assistant: step-start, reasoning, tool:completed, tool:completed, tool:completed, tool:completed, step-finish, patch | [4]assistant: step-start, reasoning, tool:completed, tool:completed, tool:completed, tool:completed, tool:completed, step-finish, patch | [5]assistant: step-start, reasoning, tool:completed, tool:completed, tool:completed, tool:completed, tool:completed, step-finish, patch | [6]assistant: step-start, reasoning, tool:completed, tool:completed, tool:completed, step-finish, patch | [7]assistant: step-start, reasoning, tool:error, tool:completed, tool:completed, step-finish, patch | [8]assistant: step-start, reasoning, tool:completed, step-finish, patch | [9]assistant: step-start, reasoning, tool:completed, tool:completed, step-finish, patch | [10]assistant: step-start, reasoning, tool:completed, step-finish, patch | [11]assistant: step-start, reasoning, tool:completed, step-finish, patch | [12]assistant: step-start, reasoning, tool:completed, step-finish, patch | [13]assistant: step-start, reasoning, text:"Now I have a thorough understanding of t...", tool:completed, step-finish, patch | [14]assistant: step-start, reasoning, text:"Created `AGENTS.md` with the key facts a...", step-finish, patch | [15]user: text:"tambahkan aturan pada @AGENTS.md agar ou...", file, text:"Called the Read tool with the following ..."(syn), text:"<path>/Users/asix/Documents/learn_androi..."(syn) | [16]assistant: step-start, reasoning, tool:completed, step-finish, patch | [17]assistant: step-start, reasoning, text:"Done. Added the output rule: semua confi...", step-finish, patch | [18]user: text:"oh iyah pastikan selalu cek ke real web ..." | [19]assistant: step-start, reasoning, tool:completed, step-finish, patch | [20]assistant: step-start, reasoning, text:"Sudah ditambahkan aturan baru di `AGENTS...", step-finish, patch | [21]user: text:"dari `output-json-config` buat ignore ny..." | [22]assistant: step-start, reasoning, tool:completed, step-finish, patch | [23]assistant: step-start, reasoning, tool:completed, step-finish, patch
[2026-05-17T12:05:04.170Z] message-hooks: post-filter, msgCount=24
[2026-05-17T12:05:04.170Z] message-hooks: about to search for OPENCODE_GENERIC
[2026-05-17T12:05:04.170Z] message-hooks: searching 24 messages for OPENCODE_GENERIC
[2026-05-17T12:05:04.170Z] message-hooks: found synthetic text at [15]: "Called the Read tool with the following input: {"f..." matches=false
[2026-05-17T12:05:04.170Z] message-hooks: found synthetic text at [15]: "<path>/Users/asix/Documents/learn_android/tachiyom..." matches=false
[2026-05-17T12:05:04.170Z] message-hooks: generic search complete, found=false, index=-1
[2026-05-17T12:05:04.170Z] message-hooks: no generic part found, checking for pending prompt return
[2026-05-17T12:05:11.949Z] session.idle: sessionID=ses_1ca350c8bffez0Ry5gWKsxOvJ0
